mode: set
helpdesk-api/internal/service/ticket.go:21.55,23.2 1 1
helpdesk-api/internal/service/ticket.go:25.87,26.24 1 1
helpdesk-api/internal/service/ticket.go:26.24,28.3 1 1
helpdesk-api/internal/service/ticket.go:29.2,29.25 1 1
helpdesk-api/internal/service/ticket.go:29.25,31.3 1 1
helpdesk-api/internal/service/ticket.go:32.2,32.27 1 1
helpdesk-api/internal/service/ticket.go:32.27,34.3 1 1
helpdesk-api/internal/service/ticket.go:35.2,35.41 1 1
helpdesk-api/internal/service/ticket.go:38.93,42.2 1 0
helpdesk-api/internal/service/ticket.go:44.85,48.2 1 0
helpdesk-api/internal/service/ticket.go:50.108,54.2 1 0
helpdesk-api/internal/service/ticket.go:56.87,60.2 1 0
helpdesk-api/internal/service/ticket.go:62.92,63.29 1 1
helpdesk-api/internal/service/ticket.go:63.29,65.3 1 1
helpdesk-api/internal/service/ticket.go:66.2,66.37 1 1
helpdesk-api/internal/service/user.go:27.49,29.2 1 1
helpdesk-api/internal/service/user.go:31.77,33.16 2 1
helpdesk-api/internal/service/user.go:33.16,35.3 1 0
helpdesk-api/internal/service/user.go:36.2,37.21 2 1
helpdesk-api/internal/service/user.go:37.21,39.3 1 1
helpdesk-api/internal/service/user.go:40.2,40.52 1 1
helpdesk-api/internal/service/user.go:40.52,42.68 2 1
helpdesk-api/internal/service/user.go:42.68,44.4 1 1
helpdesk-api/internal/service/user.go:45.3,45.13 1 0
helpdesk-api/internal/service/user.go:48.2,48.12 1 1
helpdesk-api/internal/service/user.go:51.90,54.16 2 1
helpdesk-api/internal/service/user.go:54.16,56.3 1 0
helpdesk-api/internal/service/user.go:57.2,57.17 1 1
helpdesk-api/internal/service/user.go:57.17,59.3 1 1
helpdesk-api/internal/service/user.go:61.2,62.16 2 1
helpdesk-api/internal/service/user.go:62.16,65.3 1 1
helpdesk-api/internal/service/user.go:67.2,68.16 2 1
helpdesk-api/internal/service/user.go:68.16,70.3 1 0
helpdesk-api/internal/service/user.go:71.2,71.19 1 1
